[INFO] Scanning for projects...
[INFO] 
[INFO] ----------------------< com.military:doc-system >-----------------------
[INFO] Building military-doc-system 1.0.0-SNAPSHOT
[INFO]   from pom.xml
[INFO] --------------------------------[ jar ]---------------------------------
[INFO] 
[INFO] --- resources:3.3.1:resources (default-resources) @ doc-system ---
[INFO] Copying 1 resource from src\main\resources to target\classes
[INFO] Copying 134 resources from src\main\resources to target\classes
[INFO] 
[INFO] --- compiler:3.11.0:compile (default-compile) @ doc-system ---
[INFO] Changes detected - recompiling the module! :source
[INFO] Compiling 371 source files with javac [debug release 17] to target\classes
[INFO] /D:/military-doc-sandbox/backend/src/main/java/com/military/doc/modules/ai/service/AiDocumentService.java: 某些输入文件使用了未经检查或不安全的操作。
[INFO] /D:/military-doc-sandbox/backend/src/main/java/com/military/doc/modules/ai/service/AiDocumentService.java: 有关详细信息, 请使用 -Xlint:unchecked 重新编译。
[INFO] -------------------------------------------------------------
[ERROR] COMPILATION ERROR : 
[INFO] -------------------------------------------------------------
[ERROR] /D:/military-doc-sandbox/backend/src/main/java/com/military/doc/modules/ai/controller/AiDocumentController.java:[203,30] 找不到符号
  符号:   方法 getContentText()
  位置: 类型为com.military.doc.modules.ai.entity.AiDocument的变量 doc
[INFO] 1 error
[INFO] -------------------------------------------------------------
[INFO] ------------------------------------------------------------------------
[INFO] BUILD FAILURE
[INFO] ------------------------------------------------------------------------
[INFO] Total time:  16.164 s
[INFO] Finished at: 2026-06-24T23:32:21+08:00
[INFO] ------------------------------------------------------------------------
[ERROR] Failed to execute goal org.apache.maven.plugins:maven-compiler-plugin:3.11.0:compile (default-compile) on project doc-system: Compilation failure
[ERROR] /D:/military-doc-sandbox/backend/src/main/java/com/military/doc/modules/ai/controller/AiDocumentController.java:[203,30] 找不到符号
[ERROR]   符号:   方法 getContentText()
[ERROR]   位置: 类型为com.military.doc.modules.ai.entity.AiDocument的变量 doc
[ERROR] 
[ERROR] -> [Help 1]
[ERROR] 
[ERROR] To see the full stack trace of the errors, re-run Maven with the -e switch.
[ERROR] Re-run Maven using the -X switch to enable full debug logging.
[ERROR] 
[ERROR] For more information about the errors and possible solutions, please read the following articles:
[ERROR] [Help 1] http://cwiki.apache.org/confluence/display/MAVEN/MojoFailureException
